// Jest Snapshot v1, https://goo.gl/fbAQLP

exports[`should render Card component 1`] = `
<div
  className="bg-light-green dib br3 pa3 ma2 grow"
>
  <img
    alt="robots"
    height="200"
    src="https://robohash.org/undefined?size=200x200"
    width="200"
  />
  <div>
    <h2 />
    <p />
  </div>
</div>
`;
