// Jest Snapshot v1, https://goo.gl/fbAQLP

exports[`should render CardList component 1`] = `
<div>
  <Card
    email="john@gmail.com"
    id={1}
    key="0"
    name="John Snow"
  />
</div>
`;

exports[`should render an empty CardList component 1`] = `<div />`;
