// Jest Snapshot v1, https://goo.gl/fbAQLP

exports[`should render ErrorBoundary component 1`] = `
<CardList
  robots={
    Array [
      Object {
        "email": "john@gmail.com",
        "id": 1,
        "name": "John Snow",
      },
    ]
  }
/>
`;

exports[`should safely catch an error 1`] = `
<h1>
  Oooops. That is not good
</h1>
`;
